60
40
############################################################
############################################################
############################################################
#####################........###############################
####################.............###########################
###################....Y.............#######################
################.......................#####################
############.............................###################
##########.................................#################
##########........~~~~......................################
##########........~~~~.....................#################
#########.........~~.......................#################
#########.................................##################
###########..................................###############
##########...................................###############
########....................................################
########....................................################
########......................................##############
################....................####......##############
#################...................####..........##########
####################...............#####..........##########
#####################..........######.................######
#########################....##########..............#######
########...###########################..............########
######.........#######################.............#########
###..........###########################.............#######
###.....Y....#############################..........########
####.........##.....##################............##########
#####...............#####....########....##.....############
######.........###............###...#...####################
#####..........#######........###......#####################
##...........###########...............#####################
##.....###################....###...########################
###...######################################################
############################################################
############################################################
############################################################
############################################################
############################################################
############################################################