60
50
..............#...################..........................
..............#####..............#..........................
..............................#.............................
..............#######....###..##.............T..............
.##...........#...#.......+....#....T.......................
..#...........#...#..#...####..#.........#..................
.#............+......#......#..##........#####..............
..............#....#####....#..#.........#..................
...........####...........####...........#..................
...............#...#.................#####..................
...............#...#.######...............#.................
......T...............#.....................................
......................#####################.................
............................................................
.................^..........................................
.........................R.R.R.R...T........................
.......T....................................................
.........................R.R.R.R............................
............................................................
......................T..R.R.R.R............................
...................................T........................
.........................R.R.R.R............................
............................................................
............................................................
............................................................
............................................................
............................................................
............................................................
............................................................
............................................................
............................................................
............................................................
............................................................
............................................................
............................................................
............................................................
............................................................
............................................................
............................................................
............................................................
............................................................
............................................................
............................................................
............................................................
............................................................
............................................................
............................................................
............................................................
............................................................
............................................................