60
50
..............#...################..........................
..............#####..............#..........................
..............................#.............................
..............#######....###..##.............T..............
.##...........#...#.......+....#....T.......................
..#...........#...#..#...####..#.........#..................
.#............+......#......#..##........#####..............
..............#....#####....#..#.........#..................
...........####...........####...........#..................
...............#...#.................#####..................
...............#...#.######...............#.................
......T...............#.....................................
......................#####################.................
............................................................
.................^..........................................
...................................T........................
.......T....................................................
............................................................
............................................................
......................T.....................................
...................................T........................
............................................................
............................................................
............................................................
............................................................
............................................................
............................................................
............................................................
............................................................
............................................................
............................................................
............................................................
............................................................
............................................................
............................................................
............................................................
............................................................
............................................................
............................................................
............................................................
............................................................
............................................................
............................................................
............................................................
............................................................
............................................................
............................................................
............................................................
............................................................
............................................................