60
50
............................................................
..............#####.........................................
..............................#.............................
..............#######....###..##.............T..............
.##...........#...#.......+....#....T.......................
..#...........#...#..#...####..#.........#..................
.#............+......#....C.#..##........#####..............
..............#....#####....#..#.........#..................
...........####...........####...........#..................
...............#...#.................#####..................
...............#...#.######...............#.................
......T...............#.....................................
......................#####################.................
...........t................................................
....t............^..........................................
...................................T...wwwwwwwwwwww.........
.......T...............................w..........w.........
...................t...................w..........w.........
.......................................w..........w.........
......................T................w..........w.........
...........WWWWWWWWWW..............T...w..........w.........
...........W..B.BB..W..................wwwwww wwwww.........
...........W........W.................................t.....
.^.........WC....BB.W.......................................
...........W........W..........%%%%%%%%.......t...T.........
...........W........W..........%.B....%................T....
...........W........W..........% ....C%....T................
...........WWWW+WWWWW..........%......%...........T...t.....
.................b.............+......%.....................
...t...........................%%%%%%%%.......t.....T.......
................................b.......................t...
....T........t.....................................T........
...........T.................................T..............
..............t..................................t.....T....
............................................................
............................................................
............................................................
............................................................
............................................................
............................................................
............................................................
............................................................
............................................................
............................................................
............................................................
............................................................
............................................................
............................................................
............................................................
............................................................