60
40
''''''''''''''''''''''''''''''''''''''''''''''''''''''''''''
''''''''''''''#####'''''''''''''''''''''''''''''''''''''''''
'''''''''''''''''''''''''''''.#'''''''''''''''''''''''''''''
''''''''''''''#######''''###..##'''''''''''''T''''''''''''''
'##'''''''''''#'''#'##....+....#''''T'''''''''''''''''''''''
''#''''''''F''#.''#''#...####..#'''''''''#''''''''''''''''''
'#''''''''''''+..''''#....C.#..##''''''''#####''''''''''''''
''''''''''''''#..''#####....#'.#'''''''''#''''''''''''''''''
'''''''''''####.''''''..''####'''''''''''#''''''''''''''''''
''''''''''''...#'''#''....'''''''''''#####''''''''''''''''''
'''''''''''''..#'''#'######''''''''F''''''#'''''''''''''''''
''''''T'''''''''''''''#'''''''''''''''''''''''''''''''''''''
''''''''''''''''''''''#####################'''''''''''''''''
'''''''''''t''''''''''''''''''''''''''''''''''''''''''''''''
''''F''''''''''''^''''''''''''''''''''''''''''''''''''''''''
'''''''''''''''''''''''''''''''''''T'''%%%%%%%%%%%%'''''''''
'''''''T''''''''''''''''''''''''''wwwww%BBBB______%'''''''''
'''''''''''''''''''t''''''''''''''w''bb%__________%'''''''''
'''''''''''''''''''''''''''''''t''w''''%BBBB______%'''''''''
''''''''''''''''''''''T'''''''''''www''%_________C%'''''''''
'''''''''''WWWWWWWWWW''''''''''''''T'''%BBBB______%'''''''''
'''''''''''W__B_BB__W''''''''''''''''''%%%%%%%+%%%%'''''''''
'''''''''''W________W'''''''''"'''''''''''''Y'''Y'''''t'''''
'''''''''''WC____BB_W''''''''''"''''''''''''''''''''''''''''
'''''''''''W________W''''''''"''''''''''''''''''''T'''''''''
'''''''''''W________W'''''''''~~~'''''''''''''t''''''''T''''
'''''''''''W________W'''''''''~~~''''''''''T''''''''''''''''
'''''''''''WWWW+WWWWW'''''''''~~~~~~''''''''''''''F'''t'''''
'''''''''''''''''b''''''''''''~~~~~~''''''''''''''''''''''''
'''t''''''''''''''''''''''''''~~~~~~''''''''''t'''''T'''''''
''''''''''''''''''''''''''''''''~~~~''''''''''''''''''''t'''
''''F''''''''t''''''''''''''''''~~~~'''''''''''''''f''''''''
'''''''''''T'''''''''''''''''''''''''''''''''T''''''''''''''
''''''''''''''f''''''''''''''''''''''''''''''''''t'''''T''''
''''''''''''''''''''''''''''''''''''''''''''''''''''''''''''
''''''''''''''''''''''''''''''''''''''''''''''''''''''''''''
''''''''''''''''''''''''''''''''''''''''''''''''''''''''''''
''''''''''''''''''''''''''''''''''''''''''''''''''''''''''''
''''''''''''''''''''''''''''''''''''''''''''''''''''''''''''
''''''''''''''''''''''''''''''''''''''''''''''''''''''''''''