60
50
''''''''''''''''''''''''''''''''''''''''''''''''''''''''''''
''''''''''''''#####'''''''''''''''''''''''''''''''''''''''''
'''''''''''''''''''''''''''''.#'''''''''''''''''''''''''''''
''''''''''''''#######''''###..##'''''''''''''T''''''''''''''
'##'''''''''''#'''#''''...+....#''''T'''''''''''''''''''''''
''#'''''''''''#.''#''#...####..#'''''''''#''''''''''''''''''
'#''''''''''''+..''''#....C.#..##''''''''#####''''''''''''''
''''''''''''''#..''#####....#'.#'''''''''#''''''''''''''''''
'''''''''''####.''''''..''####'''''''''''#''''''''''''''''''
''''''''''''...#'''#''....'''''''''''#####''''''''''''''''''
'''''''''''''..#'''#'######'''''''''''''''#'''''''''''''''''
''''''T'''''''''''''''#'''''''''''''''''''''''''''''''''''''
''''''''''''''''''''''#####################'''''''''''''''''
'''''''''''t''''''''''''''''''''''''''''''''''''''''''''''''
''''t''''''''''''^''''''''''''''''''''''''''''''''''''''''''
'''''''''''''''''''''''''''''''''''T'''%%%%%%%%%%%%'''''''''
'''''''T''''''''''''''''''''''''''wwwww%BBBB______%'''''''''
'''''''''''''''''''t''''''''''''''w''bb%__________%'''''''''
''^''''''''''''''''''''''''''''t''w''''%BBBB______%'''''''''
''''''''''''''''''''''T'''''''''''www''%_________C%'''''''''
'''''''''''WWWWWWWWWW''''''''''''''T'''%BBBB______%'''''''''
'''''''''''W__B_BB__W''''''''''''''''''%%%%%%%+%%%%'''''''''
'''''''''''W________W'''''''''"'''''''''''''Y'''Y'''''t'''''
'''''''''''WC____BB_W''''''''''"''''''''''''''''''''''''''''
'''''''''''W________W''''''''"''''''''''''''''''''T'''''''''
'''''''''''W________W'''''''''''''''''''''''''t''''''''T''''
'''''''''''W________W''''''''''''''''''''''T''''''''''''''''
'''''''''''WWWW+WWWWW'''''''''''''''''''''''''''''T'''t'''''
'''''''''''''''''b''''''''''''''''''''''''''''''''''''''''''
'''t''''''''''''''''''''''''''''''''''''''''''t'''''T'''''''
''''''''''''''''''''''''''''''''''''''''''''''''''''''''t'''
''''T''''''''t'''''''''''''''''''''''''''''''''''''T''''''''
'''''''''''T'''''''''''''''''''''''''''''''''T''''''''''''''
''''''''''''''t''''''''''''''''''''''''''''''''''t'''''T''''
''''''''''''''''''''''''''''''''''''''''''''''''''''''''''''
''''''''''''''''''''''''''''''''''''''''''''''''''''''''''''
''''''''''''''''''''''''''''''''''''''''''''''''''''''''''''
''''''''''''''''''''''''''''''''''''''''''''''''''''''''''''
''''''''''''''''''''''''''''''''''''''''''''''''''''''''''''
''''''''''''''''''''''''''''''''''''''''''''''''''''''''''''
''''''''''''''''''''''''''''''''''''''''''''''''''''''''''''
''''''''''''''''''''''''''''''''''''''''''''''''''''''''''''
''''''''''''''''''''''''''''''''''''''''''''''''''''''''''''
''''''''''''''''''''''''''''''''''''''''''''''''''''''''''''
''''''''''''''''''''''''''''''''''''''''''''''''''''''''''''
''''''''''''''''''''''''''''''''''''''''''''''''''''''''''''
''''''''''''''''''''''''''''''''''''''''''''''''''''''''''''
''''''''''''''''''''''''''''''''''''''''''''''''''''''''''''
''''''''''''''''''''''''''''''''''''''''''''''''''''''''''''
''''''''''''''''''''''''''''''''''''''''''''''''''''''''''''